// Jest Snapshot v1, https://goo.gl/fbAQLP

exports[`renders homepage unchanged 1`] = `
Array [
  <div
    className="MuiGrid-root makeStyles-hero-3 MuiGrid-container"
  >
    <div
      className="MuiGrid-root MuiGrid-item MuiGrid-grid-sm-6"
    >
      <div
        className="MuiContainer-root MuiContainer-maxWidthLg"
      >
        <h1
          className="MuiTypography-root makeStyles-herotext-7 MuiTypography-h2 MuiTypography-gutterBottom"
        >
          <span
            className="makeStyles-bold-4"
          />
           
          calculates the probability of
           
          <span
            className="makeStyles-primaryText-5"
          />
           
          based on symptoms and location
        </h1>
      </div>
      <div
        className="MuiContainer-root MuiContainer-maxWidthLg"
      >
        <p
          className="MuiTypography-root makeStyles-subText-6 MuiTypography-body1 MuiTypography-gutterBottom"
        >
          The availability and speed of testing for COVID-19 is limited. This tool calculates the likelihood of an infection by comparing your symptoms with the data from confirmed
           
           cases and previously self-reported symptoms.
        </p>
        <h6
          className="MuiTypography-root makeStyles-primaryText-5 MuiTypography-h6 MuiTypography-gutterBottom"
        >
          Wondering if you or someone you know may have COVID-19?
        </h6>
        <div
          className="MuiGrid-root makeStyles-action-10 MuiGrid-container"
        >
          <div
            className="MuiGrid-root makeStyles-buttongroup-14 MuiGrid-item"
          >
            <a
              aria-disabled={false}
              className="MuiButtonBase-root MuiButton-root MuiButton-contained makeStyles-button-15 MuiButton-containedPrimary"
              href="/survey"
              onBlur={[Function]}
              onDragLeave={[Function]}
              onFocus={[Function]}
              onKeyDown={[Function]}
              onKeyUp={[Function]}
              onMouseDown={[Function]}
              onMouseLeave={[Function]}
              onMouseUp={[Function]}
              onTouchEnd={[Function]}
              onTouchMove={[Function]}
              onTouchStart={[Function]}
              tabIndex={0}
            >
              <span
                className="MuiButton-label"
              >
                Check your symptoms
              </span>
            </a>
          </div>
          <div
            className="MuiGrid-root makeStyles-buttongroup-14 MuiGrid-item"
          >
            <a
              aria-disabled={false}
              className="MuiButtonBase-root MuiButton-root MuiButton-contained makeStyles-button-15"
              href="/mycovid"
              onBlur={[Function]}
              onDragLeave={[Function]}
              onFocus={[Function]}
              onKeyDown={[Function]}
              onKeyUp={[Function]}
              onMouseDown={[Function]}
              onMouseLeave={[Function]}
              onMouseUp={[Function]}
              onTouchEnd={[Function]}
              onTouchMove={[Function]}
              onTouchStart={[Function]}
              tabIndex={0}
            >
              <span
                className="MuiButton-label"
              >
                Report a diagnosis
              </span>
            </a>
          </div>
        </div>
      </div>
    </div>
  </div>,
  <div
    className="MuiGrid-root MuiGrid-container"
  >
    <div
      className="MuiGrid-root makeStyles-map-2 MuiGrid-container"
    >
      <div
        className="MuiContainer-root MuiContainer-maxWidthLg"
      >
        <div
          className="MuiGrid-root MuiGrid-container"
        >
          <div
            className="MuiGrid-root MuiGrid-item MuiGrid-grid-sm-5"
          >
            <img
              alt="Cluster Map"
              className="makeStyles-image-9"
              src="/cluster-map.png"
            />
          </div>
          <div
            className="MuiGrid-root MuiGrid-item MuiGrid-grid-sm-7"
          >
            <h3
              className="MuiTypography-root MuiTypography-h3 MuiTypography-gutterBottom"
            >
              How it works
            </h3>
            <ol
              className="makeStyles-list-11"
            >
              <li>
                We scrape data on confirmed Covid-19 patients and their symptoms from online sources such as CSSEGIS, ECDC, GISAID, and Kaggle
                 
              </li>
              <li>
                Collect data from self-reported symptoms through our tool
              </li>
              <li>
                Apply machine learning to all collected data
              </li>
              <li>
                Use the trained data to calculate the probability
              </li>
              <li>
                Open the data for other use cases
              </li>
            </ol>
          </div>
        </div>
      </div>
    </div>
    <div
      className="MuiGrid-root makeStyles-section-1 MuiGrid-container"
    >
      <div
        className="MuiContainer-root MuiContainer-maxWidthLg"
      >
        <h3
          className="MuiTypography-root MuiTypography-h3 MuiTypography-gutterBottom"
        >
          Features
        </h3>
        <div
          className="MuiGrid-root MuiGrid-container"
        >
          <div
            className="MuiGrid-root MuiGrid-item MuiGrid-grid-sm-6"
          >
            <h6
              className="MuiTypography-root MuiTypography-h6 MuiTypography-gutterBottom"
            >
              For the General Public
            </h6>
            <ul
              className="makeStyles-list-11"
            >
              <li>
                Help make smart decision when to seek urgent medical help
              </li>
              <li>
                Get realtime information about your neighbourhood and areas to avoid
              </li>
            </ul>
          </div>
          <div
            className="MuiGrid-root MuiGrid-item MuiGrid-grid-sm-6"
          >
            <h6
              className="MuiTypography-root MuiTypography-h6 MuiTypography-gutterBottom"
            >
              For the Authorities
            </h6>
            <ul
              className="makeStyles-list-11"
            >
              <li>
                Get insights on clusters of symptoms within your jurisdiction
              </li>
              <li>
                Enable targeted testing based on data collected
              </li>
              <li>
                Deploy your own self-assessment tool using the open source survey app
              </li>
            </ul>
          </div>
        </div>
      </div>
    </div>
    <div
      className="MuiGrid-root makeStyles-open-13 MuiGrid-container"
    >
      <div
        className="MuiContainer-root MuiContainer-maxWidthLg"
      >
        <div
          className="MuiGrid-root MuiGrid-container"
          id="share"
        >
          <div
            align="center"
            className="MuiGrid-root MuiGrid-item MuiGrid-grid-sm-4"
          >
            <img
              alt="Crowdsourcing"
              src="/crowdsource.png"
            />
          </div>
          <div
            className="MuiGrid-root MuiGrid-item MuiGrid-grid-sm-8"
          >
            <h3
              className="MuiTypography-root MuiTypography-h3 MuiTypography-gutterBottom"
            >
              MyCOVID: A Call for Help
            </h3>
            <p
              className="MuiTypography-root MuiTypography-body1 MuiTypography-gutterBottom"
            >
              We want to get as much information about COVID-19 as possible to people who need it. That starts with reporting COVID-19 diagnoses. We are asking individuals who've been tested to self-report their symptoms and clinical information. The data is anonymous and can't be traced back to the person reporting it. This reporting method aims to set the stage for a globally shared database useful for COVID-19 diagnostics.
            </p>
            <div
              className="MuiGrid-root MuiGrid-item MuiGrid-grid-sm-12"
            >
              <a
                aria-disabled={false}
                className="MuiButtonBase-root MuiButton-root MuiButton-contained makeStyles-button-15 MuiButton-containedPrimary"
                href="/mycovid"
                onBlur={[Function]}
                onDragLeave={[Function]}
                onFocus={[Function]}
                onKeyDown={[Function]}
                onKeyUp={[Function]}
                onMouseDown={[Function]}
                onMouseLeave={[Function]}
                onMouseUp={[Function]}
                onTouchEnd={[Function]}
                onTouchMove={[Function]}
                onTouchStart={[Function]}
                tabIndex={0}
              >
                <span
                  className="MuiButton-label"
                >
                  Report my diagnosis
                </span>
              </a>
            </div>
          </div>
        </div>
      </div>
    </div>
    <div
      className="MuiContainer-root MuiContainer-maxWidthLg"
    >
      <div
        className="MuiGrid-root MuiGrid-container"
      >
        <div
          className="MuiGrid-root MuiGrid-item MuiGrid-grid-sm-12"
        >
          <h3
            className="MuiTypography-root MuiTypography-h3 MuiTypography-gutterBottom"
          >
            The Power of Open Source
          </h3>
          <p
            className="MuiTypography-root MuiTypography-body1 MuiTypography-gutterBottom"
          >
            We are a group of volunteers and this project is non-profit. All the data produced will be open and available through the API. If you are a developer who wants to contribute, or has a network who will benefit from the software and data, please get in touch.
          </p>
        </div>
      </div>
    </div>
  </div>,
]
`;
